// Jest Snapshot v1, https://goo.gl/fbAQLP

exports[`<Header /> should render properly 1`] = `
<React.Fragment>
  <styled.header>
    <div
      className="header-logo"
      data-aos="fade-down"
    >
      <span>
        Future one
      </span>
    </div>
    <nav>
      <ul>
        <li
          data-aos="fade-down"
          data-aos-delay={100}
        >
          <Link
            className="active"
            to="/"
          >
            Overview
          </Link>
        </li>
        <li
          data-aos="fade-down"
          data-aos-delay={200}
        >
          <Link
            to="/"
          >
            About
          </Link>
        </li>
        <li
          data-aos="fade-down"
          data-aos-delay={300}
        >
          <Link
            to="/"
          >
            Resources
          </Link>
        </li>
        <li
          data-aos="fade-down"
          data-aos-delay={400}
        >
          <Link
            to="/"
          >
            Network
          </Link>
        </li>
        <li
          data-aos="fade-down"
          data-aos-delay={500}
        >
          <Link
            to="/"
          >
            Cloud
          </Link>
        </li>
        <li
          data-aos="fade-down"
          data-aos-delay={600}
        >
          <Link
            to="/"
          >
            Download
          </Link>
        </li>
        <li
          data-aos="fade-down"
          data-aos-delay={700}
        >
          <Link
            to="/"
          >
            Contact
          </Link>
        </li>
      </ul>
      <Styled(Link)
        data-aos="fade-left"
        data-aos-delay={1000}
        to="/"
      >
        Contact Us
      </Styled(Link)>
    </nav>
    <button
      onClick={[Function]}
    >
      <FiMenu />
    </button>
  </styled.header>
  Object {
    "$$typeof": Symbol(react.portal),
    "children": <ResponsiveMenu
      showMenu={false}
      toggleShowMenu={[Function]}
    />,
    "containerInfo": <div
      id="modal-root"
    />,
    "implementation": null,
    "key": null,
  }
</React.Fragment>
`;
